mode: set
ride-sharing/internal/dispatch/dispatcher.go:38.15,47.2 1 1
ride-sharing/internal/dispatch/dispatcher.go:54.32,58.73 3 1
ride-sharing/internal/dispatch/dispatcher.go:58.73,60.3 1 1
ride-sharing/internal/dispatch/dispatcher.go:62.2,62.23 1 1
ride-sharing/internal/dispatch/dispatcher.go:62.23,64.3 1 1
ride-sharing/internal/dispatch/dispatcher.go:66.2,66.35 1 1
ride-sharing/internal/dispatch/dispatcher.go:66.35,68.3 1 0
ride-sharing/internal/dispatch/dispatcher.go:70.2,71.16 2 1
ride-sharing/internal/dispatch/dispatcher.go:71.16,73.3 1 1
ride-sharing/internal/dispatch/dispatcher.go:75.2,83.53 2 1
ride-sharing/internal/dispatch/dispatcher.go:83.53,85.3 1 0
ride-sharing/internal/dispatch/dispatcher.go:87.2,87.21 1 1
ride-sharing/internal/dispatch/dispatcher.go:90.78,95.16 4 1
ride-sharing/internal/dispatch/dispatcher.go:95.16,97.3 1 0
ride-sharing/internal/dispatch/dispatcher.go:99.2,99.38 1 1
ride-sharing/internal/dispatch/dispatcher.go:99.38,101.20 2 1
ride-sharing/internal/dispatch/dispatcher.go:101.20,103.4 1 0
ride-sharing/internal/dispatch/dispatcher.go:105.3,118.59 2 1
ride-sharing/internal/dispatch/dispatcher.go:118.59,120.4 1 0
ride-sharing/internal/dispatch/dispatcher.go:122.3,122.46 1 1
ride-sharing/internal/dispatch/dispatcher.go:125.2,129.16 2 1
ride-sharing/internal/dispatch/dispatcher.go:129.16,131.3 1 1
ride-sharing/internal/dispatch/dispatcher.go:133.2,133.63 1 1
ride-sharing/internal/dispatch/dispatcher.go:133.63,135.3 1 0
ride-sharing/internal/dispatch/dispatcher.go:137.2,138.16 2 1
ride-sharing/internal/dispatch/dispatcher.go:138.16,140.3 1 0
ride-sharing/internal/dispatch/dispatcher.go:142.2,158.48 4 1
ride-sharing/internal/dispatch/dispatcher.go:158.48,161.3 2 0
ride-sharing/internal/dispatch/dispatcher.go:163.2,165.18 2 1
ride-sharing/internal/dispatch/dispatcher.go:168.95,173.16 4 1
ride-sharing/internal/dispatch/dispatcher.go:173.16,175.3 1 0
ride-sharing/internal/dispatch/dispatcher.go:177.2,183.49 5 1
ride-sharing/internal/dispatch/dispatcher.go:183.49,188.3 4 0
ride-sharing/internal/dispatch/dispatcher.go:190.2,190.82 1 1
ride-sharing/internal/dispatch/dispatcher.go:190.82,193.3 2 0
ride-sharing/internal/dispatch/dispatcher.go:195.2,195.79 1 1
ride-sharing/internal/dispatch/dispatcher.go:195.79,198.3 2 0
ride-sharing/internal/dispatch/dispatcher.go:200.2,200.77 1 1
ride-sharing/internal/dispatch/dispatcher.go:200.77,203.3 2 0
ride-sharing/internal/dispatch/dispatcher.go:205.2,205.61 1 1
ride-sharing/internal/dispatch/dispatcher.go:205.61,207.3 1 0
ride-sharing/internal/dispatch/dispatcher.go:209.2,209.18 1 1
ride-sharing/internal/dispatch/dispatcher.go:215.29,221.2 1 0
ride-sharing/internal/dispatch/dispatcher.go:223.91,225.16 2 0
ride-sharing/internal/dispatch/dispatcher.go:225.16,227.3 1 0
ride-sharing/internal/dispatch/dispatcher.go:229.2,240.57 2 0
ride-sharing/internal/dispatch/dispatcher.go:243.94,245.16 2 0
ride-sharing/internal/dispatch/dispatcher.go:245.16,247.3 1 0
ride-sharing/internal/dispatch/dispatcher.go:249.2,250.24 2 0
ride-sharing/internal/dispatch/dispatcher.go:250.24,252.3 1 0
ride-sharing/internal/dispatch/dispatcher.go:252.8,254.3 1 0
ride-sharing/internal/dispatch/dispatcher.go:256.2,269.58 3 0
ride-sharing/internal/dispatch/dispatcher.go:272.54,278.38 4 0
ride-sharing/internal/dispatch/dispatcher.go:278.38,279.42 1 0
ride-sharing/internal/dispatch/dispatcher.go:279.42,280.12 1 0
ride-sharing/internal/dispatch/dispatcher.go:283.3,283.59 1 0
ride-sharing/internal/dispatch/dispatcher.go:283.59,284.12 1 0
ride-sharing/internal/dispatch/dispatcher.go:287.3,288.15 2 0
ride-sharing/internal/dispatch/dispatcher.go:288.15,289.12 1 0
ride-sharing/internal/dispatch/dispatcher.go:292.3,293.23 2 0
ride-sharing/internal/dispatch/dispatcher.go:296.2,296.29 1 0
ride-sharing/internal/dispatch/dispatcher.go:296.29,298.3 1 0
ride-sharing/internal/dispatch/dispatcher.go:300.2,300.54 1 0
ride-sharing/internal/dispatch/dispatcher.go:303.64,305.2 1 1
ride-sharing/internal/dispatch/dispatcher.go:310.8,312.2 1 1
ride-sharing/internal/dispatch/dispatcher.go:317.11,322.35 3 0
ride-sharing/internal/dispatch/dispatcher.go:322.35,323.42 1 0
ride-sharing/internal/dispatch/dispatcher.go:323.42,324.12 1 0
ride-sharing/internal/dispatch/dispatcher.go:327.3,327.37 1 0
ride-sharing/internal/dispatch/dispatcher.go:327.37,328.12 1 0
ride-sharing/internal/dispatch/dispatcher.go:331.3,331.24 1 0
ride-sharing/internal/dispatch/dispatcher.go:334.2,334.17 1 0
ride-sharing/internal/dispatch/dispatcher.go:337.72,338.16 1 0
ride-sharing/internal/dispatch/dispatcher.go:338.16,340.3 1 0
ride-sharing/internal/dispatch/dispatcher.go:342.2,343.24 2 0
ride-sharing/internal/dispatch/dispatcher.go:343.24,345.3 1 0
ride-sharing/internal/dispatch/dispatcher.go:347.2,348.35 2 0
ride-sharing/internal/dispatch/dispatcher.go:348.35,349.21 1 0
ride-sharing/internal/dispatch/dispatcher.go:349.21,350.12 1 0
ride-sharing/internal/dispatch/dispatcher.go:353.3,354.24 2 0
ride-sharing/internal/dispatch/dispatcher.go:357.2,358.41 2 0
ride-sharing/internal/dispatch/dispatcher.go:358.41,363.3 1 0
ride-sharing/internal/dispatch/dispatcher.go:366.2,366.45 1 0
ride-sharing/internal/dispatch/dispatcher.go:366.45,367.49 1 0
ride-sharing/internal/dispatch/dispatcher.go:367.49,372.4 3 0
ride-sharing/internal/dispatch/dispatcher.go:374.3,374.51 1 0
ride-sharing/internal/dispatch/dispatcher.go:377.2,377.29 1 0
ride-sharing/internal/dispatch/dispatcher.go:377.29,379.3 1 0
ride-sharing/internal/dispatch/dispatcher.go:381.2,381.27 1 0
ride-sharing/internal/config/config.go:16.29,24.2 1 1
ride-sharing/internal/config/config.go:26.36,29.2 2 1
ride-sharing/internal/driver/store.go:21.53,27.2 1 1
ride-sharing/internal/driver/store.go:29.61,30.35 1 1
ride-sharing/internal/driver/store.go:30.35,32.3 1 1
ride-sharing/internal/driver/store.go:34.2,37.51 3 1
ride-sharing/internal/driver/store.go:37.51,39.3 1 1
ride-sharing/internal/driver/store.go:41.2,46.12 4 1
ride-sharing/internal/driver/store.go:49.68,50.39 1 1
ride-sharing/internal/driver/store.go:50.39,52.3 1 0
ride-sharing/internal/driver/store.go:54.2,58.13 4 1
ride-sharing/internal/driver/store.go:58.13,60.3 1 0
ride-sharing/internal/driver/store.go:62.2,62.20 1 1
ride-sharing/internal/driver/store.go:65.55,66.39 1 1
ride-sharing/internal/driver/store.go:66.39,68.3 1 0
ride-sharing/internal/driver/store.go:70.2,74.13 4 1
ride-sharing/internal/driver/store.go:74.13,76.3 1 1
ride-sharing/internal/driver/store.go:78.2,78.23 1 1
ride-sharing/internal/driver/store.go:79.30,80.13 1 1
ride-sharing/internal/driver/store.go:82.28,86.13 4 1
ride-sharing/internal/driver/store.go:88.25,89.42 1 0
ride-sharing/internal/driver/store.go:91.10,92.36 1 0
ride-sharing/internal/driver/store.go:96.56,97.39 1 1
ride-sharing/internal/driver/store.go:97.39,99.3 1 0
ride-sharing/internal/driver/store.go:101.2,105.13 4 1
ride-sharing/internal/driver/store.go:105.13,107.3 1 1
ride-sharing/internal/driver/store.go:109.2,109.23 1 1
ride-sharing/internal/driver/store.go:110.28,111.13 1 1
ride-sharing/internal/driver/store.go:113.30,116.13 3 1
ride-sharing/internal/driver/store.go:118.25,119.42 1 0
ride-sharing/internal/driver/store.go:121.10,122.36 1 0
ride-sharing/internal/driver/store.go:126.53,127.39 1 1
ride-sharing/internal/driver/store.go:127.39,129.3 1 0
ride-sharing/internal/driver/store.go:131.2,135.13 4 1
ride-sharing/internal/driver/store.go:135.13,137.3 1 0
ride-sharing/internal/driver/store.go:139.2,139.23 1 1
ride-sharing/internal/driver/store.go:140.25,141.13 1 1
ride-sharing/internal/driver/store.go:143.30,146.13 3 1
ride-sharing/internal/driver/store.go:148.28,149.42 1 1
ride-sharing/internal/driver/store.go:151.10,152.36 1 0
ride-sharing/internal/driver/store.go:156.54,157.39 1 1
ride-sharing/internal/driver/store.go:157.39,159.3 1 0
ride-sharing/internal/driver/store.go:161.2,165.13 4 1
ride-sharing/internal/driver/store.go:165.13,167.3 1 0
ride-sharing/internal/driver/store.go:169.2,169.23 1 1
ride-sharing/internal/driver/store.go:170.30,171.13 1 1
ride-sharing/internal/driver/store.go:173.25,177.13 4 1
ride-sharing/internal/driver/store.go:179.28,180.42 1 1
ride-sharing/internal/driver/store.go:182.10,183.36 1 0
ride-sharing/internal/driver/store.go:187.82,188.39 1 1
ride-sharing/internal/driver/store.go:188.39,190.3 1 0
ride-sharing/internal/driver/store.go:192.2,192.34 1 1
ride-sharing/internal/driver/store.go:192.34,194.3 1 1
ride-sharing/internal/driver/store.go:196.2,200.13 4 1
ride-sharing/internal/driver/store.go:200.13,202.3 1 1
ride-sharing/internal/driver/store.go:204.2,204.45 1 1
ride-sharing/internal/driver/store.go:204.45,206.3 1 1
ride-sharing/internal/driver/store.go:208.2,211.45 3 1
ride-sharing/internal/driver/store.go:211.45,213.3 1 1
ride-sharing/internal/driver/store.go:215.2,215.12 1 1
ride-sharing/internal/driver/store.go:221.36,222.34 1 1
ride-sharing/internal/driver/store.go:222.34,224.3 1 1
ride-sharing/internal/driver/store.go:226.2,226.24 1 1
ride-sharing/internal/driver/store.go:226.24,228.3 1 1
ride-sharing/internal/driver/store.go:230.2,239.68 7 1
ride-sharing/internal/driver/store.go:239.68,240.59 1 1
ride-sharing/internal/driver/store.go:240.59,243.34 2 1
ride-sharing/internal/driver/store.go:243.34,244.13 1 0
ride-sharing/internal/driver/store.go:247.4,249.71 1 1
ride-sharing/internal/driver/store.go:249.71,252.5 2 1
ride-sharing/internal/driver/store.go:256.2,256.26 1 1
ride-sharing/internal/driver/store.go:256.26,258.3 1 1
ride-sharing/internal/driver/store.go:260.2,260.46 1 1
ride-sharing/internal/driver/store.go:267.29,268.34 1 1
ride-sharing/internal/driver/store.go:268.34,270.3 1 0
ride-sharing/internal/driver/store.go:272.2,272.16 1 1
ride-sharing/internal/driver/store.go:272.16,274.3 1 1
ride-sharing/internal/driver/store.go:276.2,276.24 1 1
ride-sharing/internal/driver/store.go:276.24,278.3 1 0
ride-sharing/internal/driver/store.go:280.2,293.68 7 1
ride-sharing/internal/driver/store.go:293.68,294.59 1 1
ride-sharing/internal/driver/store.go:294.59,297.35 2 1
ride-sharing/internal/driver/store.go:297.35,302.5 1 1
ride-sharing/internal/driver/store.go:306.2,306.26 1 1
ride-sharing/internal/driver/store.go:306.26,308.3 1 1
ride-sharing/internal/driver/store.go:310.2,310.45 1 1
ride-sharing/internal/driver/store.go:310.45,311.59 1 1
ride-sharing/internal/driver/store.go:311.59,313.4 1 1
ride-sharing/internal/driver/store.go:315.3,315.61 1 1
ride-sharing/internal/driver/store.go:318.2,318.29 1 1
ride-sharing/internal/driver/store.go:318.29,320.3 1 1
ride-sharing/internal/driver/store.go:322.2,323.29 2 1
ride-sharing/internal/driver/store.go:323.29,325.3 1 1
ride-sharing/internal/driver/store.go:327.2,327.28 1 1
ride-sharing/internal/driver/store.go:330.71,331.54 1 1
ride-sharing/internal/driver/store.go:331.54,333.3 1 1
ride-sharing/internal/driver/store.go:335.2,335.63 1 1
ride-sharing/internal/driver/store.go:338.74,340.13 2 1
ride-sharing/internal/driver/store.go:340.13,342.3 1 0
ride-sharing/internal/driver/store.go:344.2,346.30 2 1
ride-sharing/internal/driver/store.go:346.30,348.3 1 1
ride-sharing/internal/driver/store.go:351.78,352.39 1 1
ride-sharing/internal/driver/store.go:352.39,354.3 1 1
ride-sharing/internal/driver/store.go:356.2,356.37 1 1
ride-sharing/internal/driver/store.go:356.37,358.3 1 1
ride-sharing/internal/driver/store.go:360.2,364.13 4 1
ride-sharing/internal/driver/store.go:364.13,366.3 1 1
ride-sharing/internal/driver/store.go:368.2,370.12 2 1
ride-sharing/internal/ds/heap/min_heap.go:12.54,17.2 1 1
ride-sharing/internal/ds/heap/min_heap.go:19.35,22.2 2 1
ride-sharing/internal/ds/heap/min_heap.go:24.39,27.23 2 1
ride-sharing/internal/ds/heap/min_heap.go:27.23,29.3 1 1
ride-sharing/internal/ds/heap/min_heap.go:31.2,37.22 5 1
ride-sharing/internal/ds/heap/min_heap.go:37.22,39.3 1 1
ride-sharing/internal/ds/heap/min_heap.go:41.2,41.22 1 1
ride-sharing/internal/ds/heap/min_heap.go:44.40,47.23 2 1
ride-sharing/internal/ds/heap/min_heap.go:47.23,49.3 1 1
ride-sharing/internal/ds/heap/min_heap.go:51.2,51.24 1 1
ride-sharing/internal/ds/heap/min_heap.go:54.32,56.2 1 0
ride-sharing/internal/ds/heap/min_heap.go:58.37,60.2 1 0
ride-sharing/internal/ds/heap/min_heap.go:62.34,66.2 3 1
ride-sharing/internal/ds/heap/min_heap.go:68.43,69.16 1 1
ride-sharing/internal/ds/heap/min_heap.go:69.16,72.52 2 1
ride-sharing/internal/ds/heap/min_heap.go:72.52,73.9 1 1
ride-sharing/internal/ds/heap/min_heap.go:76.3,77.22 2 1
ride-sharing/internal/ds/heap/min_heap.go:81.45,84.6 2 1
ride-sharing/internal/ds/heap/min_heap.go:84.6,90.62 4 1
ride-sharing/internal/ds/heap/min_heap.go:90.62,92.4 1 0
ride-sharing/internal/ds/heap/min_heap.go:94.3,95.63 1 1
ride-sharing/internal/ds/heap/min_heap.go:95.63,97.4 1 0
ride-sharing/internal/ds/heap/min_heap.go:99.3,99.36 1 1
ride-sharing/internal/ds/heap/min_heap.go:99.36,100.9 1 1
ride-sharing/internal/ds/heap/min_heap.go:103.3,104.31 2 0
ride-sharing/internal/ds/heap/min_heap.go:108.60,110.2 1 1
ride-sharing/internal/ds/heap/min_heap.go:112.41,114.2 1 1
ride-sharing/internal/ds/heap/min_heap.go:116.45,118.2 1 1
ride-sharing/internal/ds/heap/min_heap.go:120.46,122.2 1 1
ride-sharing/internal/ds/linkedlist/doubly_linked_list.go:15.29,17.2 1 0
ride-sharing/internal/ds/linkedlist/doubly_linked_list.go:26.56,28.2 1 1
ride-sharing/internal/ds/linkedlist/doubly_linked_list.go:30.41,35.2 3 1
ride-sharing/internal/ds/linkedlist/doubly_linked_list.go:37.46,39.2 1 0
ride-sharing/internal/ds/linkedlist/doubly_linked_list.go:41.58,49.19 4 1
ride-sharing/internal/ds/linkedlist/doubly_linked_list.go:49.19,54.3 4 1
ride-sharing/internal/ds/linkedlist/doubly_linked_list.go:56.2,61.16 5 1
ride-sharing/internal/ds/linkedlist/doubly_linked_list.go:64.64,70.17 4 1
ride-sharing/internal/ds/linkedlist/doubly_linked_list.go:70.17,72.3 1 1
ride-sharing/internal/ds/linkedlist/doubly_linked_list.go:74.2,74.19 1 1
ride-sharing/internal/ds/linkedlist/doubly_linked_list.go:74.19,76.3 1 1
ride-sharing/internal/ds/linkedlist/doubly_linked_list.go:78.2,78.27 1 1
ride-sharing/internal/ds/linkedlist/doubly_linked_list.go:78.27,80.3 1 0
ride-sharing/internal/ds/linkedlist/doubly_linked_list.go:82.2,82.22 1 1
ride-sharing/internal/ds/linkedlist/doubly_linked_list.go:82.22,84.3 1 1
ride-sharing/internal/ds/linkedlist/doubly_linked_list.go:84.8,86.3 1 1
ride-sharing/internal/ds/linkedlist/doubly_linked_list.go:88.2,88.22 1 1
ride-sharing/internal/ds/linkedlist/doubly_linked_list.go:88.22,90.3 1 1
ride-sharing/internal/ds/linkedlist/doubly_linked_list.go:90.8,92.3 1 1
ride-sharing/internal/ds/linkedlist/doubly_linked_list.go:94.2,101.26 5 1
ride-sharing/internal/ds/linkedlist/doubly_linked_list.go:104.66,105.80 1 1
ride-sharing/internal/ds/linkedlist/doubly_linked_list.go:105.80,106.28 1 1
ride-sharing/internal/ds/linkedlist/doubly_linked_list.go:106.28,108.4 1 1
ride-sharing/internal/ds/linkedlist/doubly_linked_list.go:111.2,111.14 1 0
ride-sharing/internal/ds/linkedlist/doubly_linked_list.go:114.44,120.80 4 1
ride-sharing/internal/ds/linkedlist/doubly_linked_list.go:120.80,122.3 1 1
ride-sharing/internal/ds/linkedlist/doubly_linked_list.go:124.2,124.15 1 1
ride-sharing/internal/ridequeue/ride_request_priority_queue.go:16.62,21.10 1 1
ride-sharing/internal/ridequeue/ride_request_priority_queue.go:21.10,23.4 1 1
ride-sharing/internal/ridequeue/ride_request_priority_queue.go:27.76,28.41 1 1
ride-sharing/internal/ridequeue/ride_request_priority_queue.go:28.41,30.3 1 1
ride-sharing/internal/ridequeue/ride_request_priority_queue.go:32.2,37.12 4 1
ride-sharing/internal/ridequeue/ride_request_priority_queue.go:40.72,45.2 3 1
ride-sharing/internal/ridequeue/ride_request_priority_queue.go:47.71,52.2 3 1
ride-sharing/internal/ridequeue/ride_request_priority_queue.go:54.69,59.2 3 1
ride-sharing/internal/ridequeue/ride_request_priority_queue.go:61.46,66.2 3 1
ride-sharing/internal/ridequeue/ride_request_priority_queue.go:68.51,73.2 3 0
ride-sharing/internal/rider/store.go:16.36,20.2 1 1
ride-sharing/internal/rider/store.go:22.59,23.33 1 1
ride-sharing/internal/rider/store.go:23.33,25.3 1 1
ride-sharing/internal/rider/store.go:27.2,30.49 3 1
ride-sharing/internal/rider/store.go:30.49,32.3 1 1
ride-sharing/internal/rider/store.go:34.2,36.12 2 1
ride-sharing/internal/rider/store.go:39.66,40.38 1 1
ride-sharing/internal/rider/store.go:40.38,42.3 1 1
ride-sharing/internal/rider/store.go:44.2,48.13 4 1
ride-sharing/internal/rider/store.go:48.13,50.3 1 1
ride-sharing/internal/rider/store.go:52.2,52.19 1 1
ride-sharing/internal/rider/store.go:55.81,56.38 1 1
ride-sharing/internal/rider/store.go:56.38,58.3 1 1
ride-sharing/internal/rider/store.go:60.2,60.34 1 1
ride-sharing/internal/rider/store.go:60.34,62.3 1 1
ride-sharing/internal/rider/store.go:64.2,68.13 4 1
ride-sharing/internal/rider/store.go:68.13,70.3 1 1
ride-sharing/internal/rider/store.go:72.2,74.12 2 1
ride-sharing/internal/rider/store.go:77.77,78.38 1 1
ride-sharing/internal/rider/store.go:78.38,80.3 1 1
ride-sharing/internal/rider/store.go:82.2,82.37 1 1
ride-sharing/internal/rider/store.go:82.37,84.3 1 1
ride-sharing/internal/rider/store.go:86.2,90.13 4 1
ride-sharing/internal/rider/store.go:90.13,92.3 1 1
ride-sharing/internal/rider/store.go:94.2,96.12 2 1
ride-sharing/internal/rides/active_ride_tracker.go:18.60,23.2 1 1
ride-sharing/internal/rides/active_ride_tracker.go:25.64,26.31 1 1
ride-sharing/internal/rides/active_ride_tracker.go:26.31,28.3 1 1
ride-sharing/internal/rides/active_ride_tracker.go:30.2,33.57 3 1
ride-sharing/internal/rides/active_ride_tracker.go:33.57,35.3 1 1
ride-sharing/internal/rides/active_ride_tracker.go:37.2,40.12 3 1
ride-sharing/internal/rides/active_ride_tracker.go:43.76,44.37 1 1
ride-sharing/internal/rides/active_ride_tracker.go:44.37,46.3 1 1
ride-sharing/internal/rides/active_ride_tracker.go:48.2,52.13 4 1
ride-sharing/internal/rides/active_ride_tracker.go:52.13,54.3 1 0
ride-sharing/internal/rides/active_ride_tracker.go:56.2,56.26 1 1
ride-sharing/internal/rides/active_ride_tracker.go:59.79,60.37 1 1
ride-sharing/internal/rides/active_ride_tracker.go:60.37,62.3 1 0
ride-sharing/internal/rides/active_ride_tracker.go:64.2,68.13 4 1
ride-sharing/internal/rides/active_ride_tracker.go:68.13,70.3 1 1
ride-sharing/internal/rides/active_ride_tracker.go:72.2,73.16 2 1
ride-sharing/internal/rides/active_ride_tracker.go:73.16,75.3 1 0
ride-sharing/internal/rides/active_ride_tracker.go:77.2,79.25 2 1
ride-sharing/internal/rides/active_ride_tracker.go:82.57,87.2 3 1
ride-sharing/internal/rides/active_ride_tracker.go:89.45,94.2 3 1
ride-sharing/internal/rides/active_ride_tracker.go:96.50,98.2 1 1
ride-sharing/internal/rides/history_store.go:16.58,20.2 1 1
ride-sharing/internal/rides/history_store.go:22.64,23.31 1 1
ride-sharing/internal/rides/history_store.go:23.31,25.3 1 1
ride-sharing/internal/rides/history_store.go:27.2,30.47 3 1
ride-sharing/internal/rides/history_store.go:30.47,32.3 1 1
ride-sharing/internal/rides/history_store.go:34.2,36.12 2 1
ride-sharing/internal/rides/history_store.go:39.75,40.37 1 1
ride-sharing/internal/rides/history_store.go:40.37,42.3 1 1
ride-sharing/internal/rides/history_store.go:44.2,48.13 4 1
ride-sharing/internal/rides/history_store.go:48.13,50.3 1 1
ride-sharing/internal/rides/history_store.go:52.2,52.18 1 1
ride-sharing/internal/rides/history_store.go:55.56,61.35 4 1
ride-sharing/internal/rides/history_store.go:61.35,63.3 1 1
ride-sharing/internal/rides/history_store.go:65.2,65.14 1 1
ride-sharing/internal/rides/history_store.go:68.79,69.39 1 1
ride-sharing/internal/rides/history_store.go:69.39,71.3 1 1
ride-sharing/internal/rides/history_store.go:73.2,78.35 4 1
ride-sharing/internal/rides/history_store.go:78.35,79.32 1 1
ride-sharing/internal/rides/history_store.go:79.32,81.4 1 1
ride-sharing/internal/rides/history_store.go:84.2,84.14 1 1
ride-sharing/internal/models/ids.go:13.27,16.2 2 1
ride-sharing/internal/models/ids.go:18.26,21.2 2 1
ride-sharing/internal/models/ids.go:23.25,26.2 2 1
ride-sharing/internal/models/ids.go:28.28,31.2 2 1
ride-sharing/internal/models/validation.go:5.41,10.2 1 1
ride-sharing/internal/models/validation.go:12.52,13.16 1 1
ride-sharing/internal/models/validation.go:14.50,15.14 1 1
ride-sharing/internal/models/validation.go:16.10,17.15 1 1
ride-sharing/internal/models/validation.go:21.48,22.16 1 1
ride-sharing/internal/models/validation.go:23.65,24.14 1 1
ride-sharing/internal/models/validation.go:25.10,26.15 1 1
ride-sharing/internal/models/validation.go:30.36,31.14 1 1
ride-sharing/internal/models/validation.go:31.14,33.3 1 0
ride-sharing/internal/models/validation.go:35.2,35.35 1 1
ride-sharing/internal/models/validation.go:35.35,37.3 1 0
ride-sharing/internal/models/validation.go:39.2,39.37 1 1
ride-sharing/internal/models/validation.go:39.37,41.3 1 0
ride-sharing/internal/models/validation.go:43.2,43.34 1 1
ride-sharing/internal/models/validation.go:43.34,45.3 1 0
ride-sharing/internal/models/validation.go:47.2,47.36 1 1
ride-sharing/internal/models/validation.go:47.36,49.3 1 0
ride-sharing/internal/models/validation.go:51.2,51.34 1 1
ride-sharing/internal/models/validation.go:51.34,53.3 1 1
ride-sharing/internal/models/validation.go:55.2,55.13 1 1
ride-sharing/internal/models/validation.go:58.34,59.14 1 1
ride-sharing/internal/models/validation.go:59.14,61.3 1 0
ride-sharing/internal/models/validation.go:63.2,63.35 1 1
ride-sharing/internal/models/validation.go:63.35,65.3 1 0
ride-sharing/internal/models/validation.go:67.2,67.37 1 1
ride-sharing/internal/models/validation.go:67.37,69.3 1 0
ride-sharing/internal/models/validation.go:71.2,71.34 1 1
ride-sharing/internal/models/validation.go:71.34,73.3 1 0
ride-sharing/internal/models/validation.go:75.2,75.46 1 1
ride-sharing/internal/models/validation.go:75.46,77.3 1 1
ride-sharing/internal/models/validation.go:79.2,79.13 1 1
ride-sharing/internal/models/validation.go:82.48,83.16 1 1
ride-sharing/internal/models/validation.go:83.16,85.3 1 0
ride-sharing/internal/models/validation.go:87.2,87.37 1 1
ride-sharing/internal/models/validation.go:87.37,89.3 1 0
ride-sharing/internal/models/validation.go:91.2,91.42 1 1
ride-sharing/internal/models/validation.go:91.42,93.3 1 0
ride-sharing/internal/models/validation.go:95.2,95.34 1 1
ride-sharing/internal/models/validation.go:95.34,97.3 1 0
ride-sharing/internal/models/validation.go:99.2,99.35 1 1
ride-sharing/internal/models/validation.go:99.35,101.3 1 0
ride-sharing/internal/models/validation.go:103.2,103.31 1 1
ride-sharing/internal/models/validation.go:103.31,105.3 1 1
ride-sharing/internal/models/validation.go:107.2,107.30 1 1
ride-sharing/internal/models/validation.go:107.30,109.3 1 0
ride-sharing/internal/models/validation.go:111.2,111.13 1 1
ride-sharing/internal/models/validation.go:114.35,115.17 1 1
ride-sharing/internal/models/validation.go:115.17,117.3 1 0
ride-sharing/internal/models/validation.go:119.2,119.38 1 1
ride-sharing/internal/models/validation.go:119.38,121.3 1 0
ride-sharing/internal/models/validation.go:123.2,123.43 1 1
ride-sharing/internal/models/validation.go:123.43,125.3 1 0
ride-sharing/internal/models/validation.go:127.2,127.76 1 1
ride-sharing/internal/models/validation.go:127.76,129.3 1 1
ride-sharing/internal/models/validation.go:131.2,131.35 1 1
ride-sharing/internal/models/validation.go:131.35,133.3 1 0
ride-sharing/internal/models/validation.go:135.2,135.36 1 1
ride-sharing/internal/models/validation.go:135.36,137.3 1 0
ride-sharing/internal/models/validation.go:139.2,139.33 1 1
ride-sharing/internal/models/validation.go:139.33,141.3 1 0
ride-sharing/internal/models/validation.go:143.2,143.37 1 1
ride-sharing/internal/models/validation.go:143.37,145.3 1 0
ride-sharing/internal/models/validation.go:147.2,147.31 1 1
ride-sharing/internal/models/validation.go:147.31,149.3 1 0
ride-sharing/internal/models/validation.go:151.2,151.19 1 1
ride-sharing/internal/models/validation.go:151.19,153.3 1 0
ride-sharing/internal/models/validation.go:155.2,155.25 1 1
ride-sharing/internal/models/validation.go:155.25,157.3 1 0
ride-sharing/internal/models/validation.go:159.2,159.13 1 1
ride-sharing/cmd/main.go:16.13,42.56 9 0
ride-sharing/cmd/main.go:42.56,45.3 2 0
ride-sharing/cmd/main.go:47.2,47.59 1 0
ride-sharing/cmd/main.go:47.59,50.3 2 0
ride-sharing/cmd/main.go:52.2,59.54 2 0
ride-sharing/cmd/main.go:59.54,62.3 2 0
ride-sharing/cmd/main.go:64.2,70.16 2 0
ride-sharing/cmd/main.go:70.16,73.3 2 0
ride-sharing/cmd/main.go:75.2,78.16 3 0
ride-sharing/cmd/main.go:78.16,81.3 2 0
ride-sharing/cmd/main.go:83.2,88.16 5 0
ride-sharing/cmd/main.go:88.16,91.3 2 0
ride-sharing/cmd/main.go:93.2,97.16 4 0
ride-sharing/cmd/main.go:97.16,100.3 2 0
ride-sharing/cmd/main.go:102.2,102.63 1 0
ride-sharing/internal/ds/fifoqueue/fifo_queue.go:9.34,13.2 1 0
ride-sharing/internal/ds/fifoqueue/fifo_queue.go:15.36,17.2 1 0
ride-sharing/internal/ds/fifoqueue/fifo_queue.go:19.41,22.23 2 0
ride-sharing/internal/ds/fifoqueue/fifo_queue.go:22.23,24.3 1 0
ride-sharing/internal/ds/fifoqueue/fifo_queue.go:26.2,31.23 4 0
ride-sharing/internal/ds/fifoqueue/fifo_queue.go:34.38,37.23 2 0
ride-sharing/internal/ds/fifoqueue/fifo_queue.go:37.23,39.3 1 0
ride-sharing/internal/ds/fifoqueue/fifo_queue.go:41.2,41.24 1 0
ride-sharing/internal/ds/fifoqueue/fifo_queue.go:44.30,46.2 1 0
ride-sharing/internal/ds/fifoqueue/fifo_queue.go:48.35,50.2 1 0
ride-sharing/internal/ds/fifoqueue/fifo_queue.go:52.33,57.2 3 0
ride-sharing/internal/geo/geo.go:9.78,14.2 1 1
ride-sharing/internal/geo/geo.go:16.71,20.57 3 1
ride-sharing/internal/geo/geo.go:20.57,21.58 1 1
ride-sharing/internal/geo/geo.go:21.58,26.4 1 1
ride-sharing/internal/geo/geo.go:29.2,29.15 1 1
ride-sharing/internal/geo/geo.go:32.47,37.2 3 1
